
> brainspark-ai@0.0.0 build
> vite build

[36mvite v8.0.0 [32mbuilding client environment for production...[36m[39m
[2K
transforming...Γ£ô 16 modules transformed.
node.exe : 
[31mΓ£ù[39m Build 
failed in 111ms
At line:1 char:1
+ & "C:\Program 
Files\nodejs/node.exe" 
"C:\Program 
Files\nodejs/node_mo 
...
+ ~~~~~~~~~~~~~~~~~~~~~
~~~~~~~~~~~~~~~~~~~~~~~
~~~~~~~~~~~~~~~~~~~~~~~
~~
    + CategoryInfo     
         : NotSpecifi  
  ed: ([31mΓ£ù[39m   
  Build failed in 1    
11ms:String) [], R    
emoteException
    + FullyQualifiedEr 
   rorId : NativeComm  
  andError
 
[31merror during 
build:
[31mBuild failed with 
1 error:

[31m[UNRESOLVED_IMPORT
] Error:[0m Could not 
resolve './components/H
owItWorks' in 
src/App.jsx
   [38;5;246mΓò¡[0m[
38;5;246mΓöÇ[0m[38;5;
246m[[0m 
src/App.jsx:5:24 
[38;5;246m][0m
   [38;5;246mΓöé[0m
 [38;5;246m5 Γöé[0m 
[38;5;249mi[0m[38;5;2
49mm[0m[38;5;249mp[0
m[38;5;249mo[0m[38;5
;249mr[0m[38;5;249mt
[0m[38;5;249m [0m[38
;5;249mH[0m[38;5;249m
o[0m[38;5;249mw[0m[
38;5;249mI[0m[38;5;24
9mt[0m[38;5;249mW[0m
[38;5;249mo[0m[38;5;
249mr[0m[38;5;249mk[
0m[38;5;249ms[0m[38;
5;249m [0m[38;5;249mf
[0m[38;5;249mr[0m[3
8;5;249mo[0m[38;5;249
mm[0m[38;5;249m [0m"
./components/HowItWorks
"[38;5;249m;[0m
 [38;5;240m  Γöé[0m  
                      Γ
öÇΓöÇΓöÇΓöÇΓöÇΓöÇΓöÇΓöÇ
ΓöÇΓöÇΓöÇΓöÇΓö¼ΓöÇΓöÇΓö
ÇΓöÇΓöÇΓöÇΓöÇΓöÇΓöÇΓöÇΓ
öÇΓöÇ  
 [38;5;240m  Γöé[0m  
                       
           Γò░ΓöÇΓöÇΓöÇ
ΓöÇΓöÇΓöÇΓöÇΓöÇΓöÇΓöÇΓö
ÇΓöÇΓöÇΓöÇ Module not 
found.
 [38;5;240m  Γöé[0m 
 [38;5;240m  Γöé[0m 
[38;5;115mHelp[0m: 
'src/App.jsx' is 
imported by the 
following path:
 [38;5;240m  Γöé[0m  
       - src/App.jsx
 [38;5;240m  Γöé[0m  
       - src/main.jsx
 [38;5;240m  Γöé[0m  
       - index.html
[38;5;246mΓöÇΓöÇΓöÇΓò»
[0m
[31m
    at aggregateBinding
ErrorsIntoJsError (file
:///D:/BrainSpark-AI/no
de_modules/rolldown/dis
t/shared/error-CP8smW_P
.mjs:48:18)
    at 
unwrapBindingResult (fi
le:///D:/BrainSpark-AI/
node_modules/rolldown/d
ist/shared/error-CP8smW
_P.mjs:18:128)
    at #build (file:///
D:/BrainSpark-AI/node_m
odules/rolldown/dist/sh
ared/rolldown-build-4Yn
QkA76.mjs:3311:34)
    at async 
buildEnvironment (file:
///D:/BrainSpark-AI/nod
e_modules/vite/dist/nod
e/chunks/node.js:32794:
64)
    at async 
Object.build (file:///D
:/BrainSpark-AI/node_mo
dules/vite/dist/node/ch
unks/node.js:33216:19)
    at async 
Object.buildApp (file:/
//D:/BrainSpark-AI/node
_modules/vite/dist/node
/chunks/node.js:33213:1
53)
    at async 
CAC.<anonymous> (file:/
//D:/BrainSpark-AI/node
_modules/vite/dist/node
/cli.js:778:3) {
  errors: 
[Getter/Setter]
}[39m
